# using postmaster on Unix socket, default port
not ok 1     - setup_taxon_schema                        337 ms
# diff command failed with status 512: diff  "/extensions_src/pg_hier/test/expected/pg_hier_edge_cases_test.out" "/extensions_src/pg_hier/test/results/pg_hier_edge_cases_test.out" > "/extensions_src/pg_hier/test/results/pg_hier_edge_cases_test.out.diff"Bail out!
